[1.339s] Invoking command in '/home/student/ws/src/waypoint_navigation': DEBUGINFOD_URLS=https://debuginfod.ubuntu.com PYTHONPATH=/home/student/ws/build/waypoint_navigation/prefix_override:/usr/lib/python3/dist-packages/colcon_core/task/python/colcon_distutils_commands:/home/student/ws/install/waypoint_navigation/lib/python3.12/site-packages:${PYTHONPATH} /usr/bin/python3 -W ignore:setup.py install is deprecated -W ignore:easy_install command is deprecated setup.py egg_info --egg-base ../../build/waypoint_navigation build --build-base /home/student/ws/build/waypoint_navigation/build install --record /home/student/ws/build/waypoint_navigation/install.log --single-version-externally-managed install_data
[1.894s] running egg_info
[1.929s] writing ../../build/waypoint_navigation/waypoint_navigation.egg-info/PKG-INFO
[1.929s] writing dependency_links to ../../build/waypoint_navigation/waypoint_navigation.egg-info/dependency_links.txt
[1.930s] writing entry points to ../../build/waypoint_navigation/waypoint_navigation.egg-info/entry_points.txt
[1.930s] writing requirements to ../../build/waypoint_navigation/waypoint_navigation.egg-info/requires.txt
[1.930s] writing top-level names to ../../build/waypoint_navigation/waypoint_navigation.egg-info/top_level.txt
[2.044s] reading manifest file '../../build/waypoint_navigation/waypoint_navigation.egg-info/SOURCES.txt'
[2.046s] writing manifest file '../../build/waypoint_navigation/waypoint_navigation.egg-info/SOURCES.txt'
[2.047s] running build
[2.047s] running build_py
[2.048s] copying waypoint_navigation/sound_player_node.py -> /home/student/ws/build/waypoint_navigation/build/lib/waypoint_navigation
[2.049s] running install
[2.073s] running install_lib
[2.139s] copying /home/student/ws/build/waypoint_navigation/build/lib/waypoint_navigation/sound_player_node.py -> /home/student/ws/install/waypoint_navigation/lib/python3.12/site-packages/waypoint_navigation
[2.140s] byte-compiling /home/student/ws/install/waypoint_navigation/lib/python3.12/site-packages/waypoint_navigation/sound_player_node.py to sound_player_node.cpython-312.pyc
[2.142s] running install_data
[2.143s] running install_egg_info
[2.206s] removing '/home/student/ws/install/waypoint_navigation/lib/python3.12/site-packages/waypoint_navigation-0.0.0-py3.12.egg-info' (and everything under it)
[2.207s] Copying ../../build/waypoint_navigation/waypoint_navigation.egg-info to /home/student/ws/install/waypoint_navigation/lib/python3.12/site-packages/waypoint_navigation-0.0.0-py3.12.egg-info
[2.209s] running install_scripts
[2.509s] Installing nav_to_pose script to /home/student/ws/install/waypoint_navigation/lib/waypoint_navigation
[2.509s] Installing our_waypoint script to /home/student/ws/install/waypoint_navigation/lib/waypoint_navigation
[2.509s] Installing search_box_example script to /home/student/ws/install/waypoint_navigation/lib/waypoint_navigation
[2.510s] Installing sound_player_node script to /home/student/ws/install/waypoint_navigation/lib/waypoint_navigation
[2.510s] Installing waypoint_lights script to /home/student/ws/install/waypoint_navigation/lib/waypoint_navigation
[2.510s] Installing waypoint_navigation_node script to /home/student/ws/install/waypoint_navigation/lib/waypoint_navigation
[2.511s] writing list of installed files to '/home/student/ws/build/waypoint_navigation/install.log'
[2.567s] Invoked command in '/home/student/ws/src/waypoint_navigation' returned '0': DEBUGINFOD_URLS=https://debuginfod.ubuntu.com PYTHONPATH=/home/student/ws/build/waypoint_navigation/prefix_override:/usr/lib/python3/dist-packages/colcon_core/task/python/colcon_distutils_commands:/home/student/ws/install/waypoint_navigation/lib/python3.12/site-packages:${PYTHONPATH} /usr/bin/python3 -W ignore:setup.py install is deprecated -W ignore:easy_install command is deprecated setup.py egg_info --egg-base ../../build/waypoint_navigation build --build-base /home/student/ws/build/waypoint_navigation/build install --record /home/student/ws/build/waypoint_navigation/install.log --single-version-externally-managed install_data
