[0.874s] Invoking command in '/home/student/ws/src/waypoint_navigation': DEBUGINFOD_URLS=https://debuginfod.ubuntu.com PYTHONPATH=/home/student/ws/build/waypoint_navigation/prefix_override:/usr/lib/python3/dist-packages/colcon_core/task/python/colcon_distutils_commands:/home/student/ws/install/waypoint_navigation/lib/python3.12/site-packages:${PYTHONPATH} /usr/bin/python3 -W ignore:setup.py install is deprecated -W ignore:easy_install command is deprecated setup.py egg_info --egg-base ../../build/waypoint_navigation build --build-base /home/student/ws/build/waypoint_navigation/build install --record /home/student/ws/build/waypoint_navigation/install.log --single-version-externally-managed install_data
[1.076s] running egg_info
[1.088s] writing ../../build/waypoint_navigation/waypoint_navigation.egg-info/PKG-INFO
[1.088s] writing dependency_links to ../../build/waypoint_navigation/waypoint_navigation.egg-info/dependency_links.txt
[1.088s] writing entry points to ../../build/waypoint_navigation/waypoint_navigation.egg-info/entry_points.txt
[1.089s] writing requirements to ../../build/waypoint_navigation/waypoint_navigation.egg-info/requires.txt
[1.089s] writing top-level names to ../../build/waypoint_navigation/waypoint_navigation.egg-info/top_level.txt
[1.126s] reading manifest file '../../build/waypoint_navigation/waypoint_navigation.egg-info/SOURCES.txt'
[1.128s] writing manifest file '../../build/waypoint_navigation/waypoint_navigation.egg-info/SOURCES.txt'
[1.129s] running build
[1.129s] running build_py
[1.129s] copying waypoint_navigation/search_box_example.py -> /home/student/ws/build/waypoint_navigation/build/lib/waypoint_navigation
[1.129s] running install
[1.137s] running install_lib
[1.157s] copying /home/student/ws/build/waypoint_navigation/build/lib/waypoint_navigation/search_box_example.py -> /home/student/ws/install/waypoint_navigation/lib/python3.12/site-packages/waypoint_navigation
[1.158s] byte-compiling /home/student/ws/install/waypoint_navigation/lib/python3.12/site-packages/waypoint_navigation/search_box_example.py to search_box_example.cpython-312.pyc
[1.160s] running install_data
[1.160s] running install_egg_info
[1.181s] removing '/home/student/ws/install/waypoint_navigation/lib/python3.12/site-packages/waypoint_navigation-0.0.0-py3.12.egg-info' (and everything under it)
[1.181s] Copying ../../build/waypoint_navigation/waypoint_navigation.egg-info to /home/student/ws/install/waypoint_navigation/lib/python3.12/site-packages/waypoint_navigation-0.0.0-py3.12.egg-info
[1.183s] running install_scripts
[1.291s] Installing nav_to_pose script to /home/student/ws/install/waypoint_navigation/lib/waypoint_navigation
[1.291s] Installing search_box_example script to /home/student/ws/install/waypoint_navigation/lib/waypoint_navigation
[1.291s] Installing waypoint_navigation_node script to /home/student/ws/install/waypoint_navigation/lib/waypoint_navigation
[1.291s] writing list of installed files to '/home/student/ws/build/waypoint_navigation/install.log'
[1.316s] Invoked command in '/home/student/ws/src/waypoint_navigation' returned '0': DEBUGINFOD_URLS=https://debuginfod.ubuntu.com PYTHONPATH=/home/student/ws/build/waypoint_navigation/prefix_override:/usr/lib/python3/dist-packages/colcon_core/task/python/colcon_distutils_commands:/home/student/ws/install/waypoint_navigation/lib/python3.12/site-packages:${PYTHONPATH} /usr/bin/python3 -W ignore:setup.py install is deprecated -W ignore:easy_install command is deprecated setup.py egg_info --egg-base ../../build/waypoint_navigation build --build-base /home/student/ws/build/waypoint_navigation/build install --record /home/student/ws/build/waypoint_navigation/install.log --single-version-externally-managed install_data
