running egg_info
creating ../build/waypoint_navigation/waypoint_navigation.egg-info
writing ../build/waypoint_navigation/waypoint_navigation.egg-info/PKG-INFO
writing dependency_links to ../build/waypoint_navigation/waypoint_navigation.egg-info/dependency_links.txt
writing entry points to ../build/waypoint_navigation/waypoint_navigation.egg-info/entry_points.txt
writing requirements to ../build/waypoint_navigation/waypoint_navigation.egg-info/requires.txt
writing top-level names to ../build/waypoint_navigation/waypoint_navigation.egg-info/top_level.txt
writing manifest file '../build/waypoint_navigation/waypoint_navigation.egg-info/SOURCES.txt'
reading manifest file '../build/waypoint_navigation/waypoint_navigation.egg-info/SOURCES.txt'
writing manifest file '../build/waypoint_navigation/waypoint_navigation.egg-info/SOURCES.txt'
running build
running build_py
creating /home/student/ws/src/build/waypoint_navigation/build
creating /home/student/ws/src/build/waypoint_navigation/build/lib
creating /home/student/ws/src/build/waypoint_navigation/build/lib/waypoint_navigation
copying waypoint_navigation/wapoint_navigation_node.py -> /home/student/ws/src/build/waypoint_navigation/build/lib/waypoint_navigation
copying waypoint_navigation/__init__.py -> /home/student/ws/src/build/waypoint_navigation/build/lib/waypoint_navigation
running install
running install_lib
creating /home/student/ws/src/install/waypoint_navigation/lib/python3.12/site-packages/waypoint_navigation
copying /home/student/ws/src/build/waypoint_navigation/build/lib/waypoint_navigation/wapoint_navigation_node.py -> /home/student/ws/src/install/waypoint_navigation/lib/python3.12/site-packages/waypoint_navigation
copying /home/student/ws/src/build/waypoint_navigation/build/lib/waypoint_navigation/__init__.py -> /home/student/ws/src/install/waypoint_navigation/lib/python3.12/site-packages/waypoint_navigation
byte-compiling /home/student/ws/src/install/waypoint_navigation/lib/python3.12/site-packages/waypoint_navigation/wapoint_navigation_node.py to wapoint_navigation_node.cpython-312.pyc
byte-compiling /home/student/ws/src/install/waypoint_navigation/lib/python3.12/site-packages/waypoint_navigation/__init__.py to __init__.cpython-312.pyc
running install_data
creating /home/student/ws/src/install/waypoint_navigation/share/ament_index
creating /home/student/ws/src/install/waypoint_navigation/share/ament_index/resource_index
creating /home/student/ws/src/install/waypoint_navigation/share/ament_index/resource_index/packages
copying resource/waypoint_navigation -> /home/student/ws/src/install/waypoint_navigation/share/ament_index/resource_index/packages
copying package.xml -> /home/student/ws/src/install/waypoint_navigation/share/waypoint_navigation
running install_egg_info
Copying ../build/waypoint_navigation/waypoint_navigation.egg-info to /home/student/ws/src/install/waypoint_navigation/lib/python3.12/site-packages/waypoint_navigation-0.0.0-py3.12.egg-info
running install_scripts
Installing wapoint_navigation_node script to /home/student/ws/src/install/waypoint_navigation/lib/waypoint_navigation
writing list of installed files to '/home/student/ws/src/build/waypoint_navigation/install.log'
