[0.551s] Invoking command in '/home/student/ws/src/waypoint_navigation': DEBUGINFOD_URLS=https://debuginfod.ubuntu.com PYTHONPATH=/home/student/ws/src/build/waypoint_navigation/prefix_override:/usr/lib/python3/dist-packages/colcon_core/task/python/colcon_distutils_commands:/home/student/ws/src/install/waypoint_navigation/lib/python3.12/site-packages:${PYTHONPATH} /usr/bin/python3 -W ignore:setup.py install is deprecated -W ignore:easy_install command is deprecated setup.py egg_info --egg-base ../build/waypoint_navigation build --build-base /home/student/ws/src/build/waypoint_navigation/build install --record /home/student/ws/src/build/waypoint_navigation/install.log --single-version-externally-managed install_data
[0.732s] running egg_info
[0.733s] creating ../build/waypoint_navigation/waypoint_navigation.egg-info
[0.744s] writing ../build/waypoint_navigation/waypoint_navigation.egg-info/PKG-INFO
[0.744s] writing dependency_links to ../build/waypoint_navigation/waypoint_navigation.egg-info/dependency_links.txt
[0.745s] writing entry points to ../build/waypoint_navigation/waypoint_navigation.egg-info/entry_points.txt
[0.745s] writing requirements to ../build/waypoint_navigation/waypoint_navigation.egg-info/requires.txt
[0.745s] writing top-level names to ../build/waypoint_navigation/waypoint_navigation.egg-info/top_level.txt
[0.745s] writing manifest file '../build/waypoint_navigation/waypoint_navigation.egg-info/SOURCES.txt'
[0.771s] reading manifest file '../build/waypoint_navigation/waypoint_navigation.egg-info/SOURCES.txt'
[0.772s] writing manifest file '../build/waypoint_navigation/waypoint_navigation.egg-info/SOURCES.txt'
[0.772s] running build
[0.772s] running build_py
[0.772s] creating /home/student/ws/src/build/waypoint_navigation/build
[0.772s] creating /home/student/ws/src/build/waypoint_navigation/build/lib
[0.772s] creating /home/student/ws/src/build/waypoint_navigation/build/lib/waypoint_navigation
[0.772s] copying waypoint_navigation/wapoint_navigation_node.py -> /home/student/ws/src/build/waypoint_navigation/build/lib/waypoint_navigation
[0.772s] copying waypoint_navigation/__init__.py -> /home/student/ws/src/build/waypoint_navigation/build/lib/waypoint_navigation
[0.772s] running install
[0.777s] running install_lib
[0.789s] creating /home/student/ws/src/install/waypoint_navigation/lib/python3.12/site-packages/waypoint_navigation
[0.789s] copying /home/student/ws/src/build/waypoint_navigation/build/lib/waypoint_navigation/wapoint_navigation_node.py -> /home/student/ws/src/install/waypoint_navigation/lib/python3.12/site-packages/waypoint_navigation
[0.789s] copying /home/student/ws/src/build/waypoint_navigation/build/lib/waypoint_navigation/__init__.py -> /home/student/ws/src/install/waypoint_navigation/lib/python3.12/site-packages/waypoint_navigation
[0.789s] byte-compiling /home/student/ws/src/install/waypoint_navigation/lib/python3.12/site-packages/waypoint_navigation/wapoint_navigation_node.py to wapoint_navigation_node.cpython-312.pyc
[0.790s] byte-compiling /home/student/ws/src/install/waypoint_navigation/lib/python3.12/site-packages/waypoint_navigation/__init__.py to __init__.cpython-312.pyc
[0.790s] running install_data
[0.790s] creating /home/student/ws/src/install/waypoint_navigation/share/ament_index
[0.790s] creating /home/student/ws/src/install/waypoint_navigation/share/ament_index/resource_index
[0.790s] creating /home/student/ws/src/install/waypoint_navigation/share/ament_index/resource_index/packages
[0.790s] copying resource/waypoint_navigation -> /home/student/ws/src/install/waypoint_navigation/share/ament_index/resource_index/packages
[0.790s] copying package.xml -> /home/student/ws/src/install/waypoint_navigation/share/waypoint_navigation
[0.791s] running install_egg_info
[0.804s] Copying ../build/waypoint_navigation/waypoint_navigation.egg-info to /home/student/ws/src/install/waypoint_navigation/lib/python3.12/site-packages/waypoint_navigation-0.0.0-py3.12.egg-info
[0.804s] running install_scripts
[0.885s] Installing wapoint_navigation_node script to /home/student/ws/src/install/waypoint_navigation/lib/waypoint_navigation
[0.886s] writing list of installed files to '/home/student/ws/src/build/waypoint_navigation/install.log'
[0.903s] Invoked command in '/home/student/ws/src/waypoint_navigation' returned '0': DEBUGINFOD_URLS=https://debuginfod.ubuntu.com PYTHONPATH=/home/student/ws/src/build/waypoint_navigation/prefix_override:/usr/lib/python3/dist-packages/colcon_core/task/python/colcon_distutils_commands:/home/student/ws/src/install/waypoint_navigation/lib/python3.12/site-packages:${PYTHONPATH} /usr/bin/python3 -W ignore:setup.py install is deprecated -W ignore:easy_install command is deprecated setup.py egg_info --egg-base ../build/waypoint_navigation build --build-base /home/student/ws/src/build/waypoint_navigation/build install --record /home/student/ws/src/build/waypoint_navigation/install.log --single-version-externally-managed install_data
