/home/student/ws/install/waypoint_navigation/lib/python3.12/site-packages/waypoint_navigation/sound_player_node.py
/home/student/ws/install/waypoint_navigation/lib/python3.12/site-packages/waypoint_navigation/our_waypoint.py
/home/student/ws/install/waypoint_navigation/lib/python3.12/site-packages/waypoint_navigation/waypoint_lights.py
/home/student/ws/install/waypoint_navigation/lib/python3.12/site-packages/waypoint_navigation/__init__.py
/home/student/ws/install/waypoint_navigation/lib/python3.12/site-packages/waypoint_navigation/nav_to_pose.py
/home/student/ws/install/waypoint_navigation/lib/python3.12/site-packages/waypoint_navigation/search_box_example.py
/home/student/ws/install/waypoint_navigation/lib/python3.12/site-packages/waypoint_navigation/__pycache__/sound_player_node.cpython-312.pyc
/home/student/ws/install/waypoint_navigation/lib/python3.12/site-packages/waypoint_navigation/__pycache__/our_waypoint.cpython-312.pyc
/home/student/ws/install/waypoint_navigation/lib/python3.12/site-packages/waypoint_navigation/__pycache__/waypoint_lights.cpython-312.pyc
/home/student/ws/install/waypoint_navigation/lib/python3.12/site-packages/waypoint_navigation/__pycache__/__init__.cpython-312.pyc
/home/student/ws/install/waypoint_navigation/lib/python3.12/site-packages/waypoint_navigation/__pycache__/nav_to_pose.cpython-312.pyc
/home/student/ws/install/waypoint_navigation/lib/python3.12/site-packages/waypoint_navigation/__pycache__/search_box_example.cpython-312.pyc
/home/student/ws/install/waypoint_navigation/share/ament_index/resource_index/packages/waypoint_navigation
/home/student/ws/install/waypoint_navigation/share/waypoint_navigation/package.xml
/home/student/ws/install/waypoint_navigation/lib/python3.12/site-packages/waypoint_navigation-0.0.0-py3.12.egg-info/top_level.txt
/home/student/ws/install/waypoint_navigation/lib/python3.12/site-packages/waypoint_navigation-0.0.0-py3.12.egg-info/zip-safe
/home/student/ws/install/waypoint_navigation/lib/python3.12/site-packages/waypoint_navigation-0.0.0-py3.12.egg-info/entry_points.txt
/home/student/ws/install/waypoint_navigation/lib/python3.12/site-packages/waypoint_navigation-0.0.0-py3.12.egg-info/dependency_links.txt
/home/student/ws/install/waypoint_navigation/lib/python3.12/site-packages/waypoint_navigation-0.0.0-py3.12.egg-info/PKG-INFO
/home/student/ws/install/waypoint_navigation/lib/python3.12/site-packages/waypoint_navigation-0.0.0-py3.12.egg-info/requires.txt
/home/student/ws/install/waypoint_navigation/lib/python3.12/site-packages/waypoint_navigation-0.0.0-py3.12.egg-info/SOURCES.txt
/home/student/ws/install/waypoint_navigation/lib/waypoint_navigation/nav_to_pose
/home/student/ws/install/waypoint_navigation/lib/waypoint_navigation/our_waypoint
/home/student/ws/install/waypoint_navigation/lib/waypoint_navigation/search_box_example
/home/student/ws/install/waypoint_navigation/lib/waypoint_navigation/sound_player_node
/home/student/ws/install/waypoint_navigation/lib/waypoint_navigation/waypoint_lights
/home/student/ws/install/waypoint_navigation/lib/waypoint_navigation/waypoint_navigation_node
