running egg_info
writing ../../build/waypoint_navigation/waypoint_navigation.egg-info/PKG-INFO
writing dependency_links to ../../build/waypoint_navigation/waypoint_navigation.egg-info/dependency_links.txt
writing entry points to ../../build/waypoint_navigation/waypoint_navigation.egg-info/entry_points.txt
writing requirements to ../../build/waypoint_navigation/waypoint_navigation.egg-info/requires.txt
writing top-level names to ../../build/waypoint_navigation/waypoint_navigation.egg-info/top_level.txt
reading manifest file '../../build/waypoint_navigation/waypoint_navigation.egg-info/SOURCES.txt'
writing manifest file '../../build/waypoint_navigation/waypoint_navigation.egg-info/SOURCES.txt'
running build
running build_py
copying waypoint_navigation/search_box_example.py -> /home/student/ws/build/waypoint_navigation/build/lib/waypoint_navigation
running install
running install_lib
copying /home/student/ws/build/waypoint_navigation/build/lib/waypoint_navigation/search_box_example.py -> /home/student/ws/install/waypoint_navigation/lib/python3.12/site-packages/waypoint_navigation
byte-compiling /home/student/ws/install/waypoint_navigation/lib/python3.12/site-packages/waypoint_navigation/search_box_example.py to search_box_example.cpython-312.pyc
running install_data
running install_egg_info
removing '/home/student/ws/install/waypoint_navigation/lib/python3.12/site-packages/waypoint_navigation-0.0.0-py3.12.egg-info' (and everything under it)
Copying ../../build/waypoint_navigation/waypoint_navigation.egg-info to /home/student/ws/install/waypoint_navigation/lib/python3.12/site-packages/waypoint_navigation-0.0.0-py3.12.egg-info
running install_scripts
Installing nav_to_pose script to /home/student/ws/install/waypoint_navigation/lib/waypoint_navigation
Installing our_waypoint script to /home/student/ws/install/waypoint_navigation/lib/waypoint_navigation
Installing search_box_example script to /home/student/ws/install/waypoint_navigation/lib/waypoint_navigation
Installing waypoint_lights script to /home/student/ws/install/waypoint_navigation/lib/waypoint_navigation
Installing waypoint_navigation_node script to /home/student/ws/install/waypoint_navigation/lib/waypoint_navigation
writing list of installed files to '/home/student/ws/build/waypoint_navigation/install.log'
