[1.885s] Invoking command in '/home/student/ws/src/waypoint_navigation': DEBUGINFOD_URLS=https://debuginfod.ubuntu.com PYTHONPATH=/home/student/ws/build/waypoint_navigation/prefix_override:/usr/lib/python3/dist-packages/colcon_core/task/python/colcon_distutils_commands:/home/student/ws/install/waypoint_navigation/lib/python3.12/site-packages:${PYTHONPATH} /usr/bin/python3 -W ignore:setup.py install is deprecated -W ignore:easy_install command is deprecated setup.py egg_info --egg-base ../../build/waypoint_navigation build --build-base /home/student/ws/build/waypoint_navigation/build install --record /home/student/ws/build/waypoint_navigation/install.log --single-version-externally-managed install_data
[2.500s] running egg_info
[2.554s] writing ../../build/waypoint_navigation/waypoint_navigation.egg-info/PKG-INFO
[2.555s] writing dependency_links to ../../build/waypoint_navigation/waypoint_navigation.egg-info/dependency_links.txt
[2.556s] writing entry points to ../../build/waypoint_navigation/waypoint_navigation.egg-info/entry_points.txt
[2.557s] writing requirements to ../../build/waypoint_navigation/waypoint_navigation.egg-info/requires.txt
[2.557s] writing top-level names to ../../build/waypoint_navigation/waypoint_navigation.egg-info/top_level.txt
[2.680s] reading manifest file '../../build/waypoint_navigation/waypoint_navigation.egg-info/SOURCES.txt'
[2.683s] writing manifest file '../../build/waypoint_navigation/waypoint_navigation.egg-info/SOURCES.txt'
[2.684s] running build
[2.684s] running build_py
[2.684s] copying waypoint_navigation/our_waypoint.py -> /home/student/ws/build/waypoint_navigation/build/lib/waypoint_navigation
[2.685s] copying waypoint_navigation/search_box_example.py -> /home/student/ws/build/waypoint_navigation/build/lib/waypoint_navigation
[2.686s] running install
[2.704s] running install_lib
[2.755s] copying /home/student/ws/build/waypoint_navigation/build/lib/waypoint_navigation/our_waypoint.py -> /home/student/ws/install/waypoint_navigation/lib/python3.12/site-packages/waypoint_navigation
[2.756s] copying /home/student/ws/build/waypoint_navigation/build/lib/waypoint_navigation/search_box_example.py -> /home/student/ws/install/waypoint_navigation/lib/python3.12/site-packages/waypoint_navigation
[2.758s] byte-compiling /home/student/ws/install/waypoint_navigation/lib/python3.12/site-packages/waypoint_navigation/our_waypoint.py to our_waypoint.cpython-312.pyc
[2.763s] byte-compiling /home/student/ws/install/waypoint_navigation/lib/python3.12/site-packages/waypoint_navigation/search_box_example.py to search_box_example.cpython-312.pyc
[2.768s] running install_data
[2.769s] running install_egg_info
[2.837s] removing '/home/student/ws/install/waypoint_navigation/lib/python3.12/site-packages/waypoint_navigation-0.0.0-py3.12.egg-info' (and everything under it)
[2.838s] Copying ../../build/waypoint_navigation/waypoint_navigation.egg-info to /home/student/ws/install/waypoint_navigation/lib/python3.12/site-packages/waypoint_navigation-0.0.0-py3.12.egg-info
[2.842s] running install_scripts
[3.201s] Installing nav_to_pose script to /home/student/ws/install/waypoint_navigation/lib/waypoint_navigation
[3.201s] Installing our_waypoint script to /home/student/ws/install/waypoint_navigation/lib/waypoint_navigation
[3.201s] Installing search_box_example script to /home/student/ws/install/waypoint_navigation/lib/waypoint_navigation
[3.202s] Installing sound_player_node script to /home/student/ws/install/waypoint_navigation/lib/waypoint_navigation
[3.202s] Installing waypoint_lights script to /home/student/ws/install/waypoint_navigation/lib/waypoint_navigation
[3.202s] Installing waypoint_navigation_node script to /home/student/ws/install/waypoint_navigation/lib/waypoint_navigation
[3.204s] writing list of installed files to '/home/student/ws/build/waypoint_navigation/install.log'
[3.277s] Invoked command in '/home/student/ws/src/waypoint_navigation' returned '0': DEBUGINFOD_URLS=https://debuginfod.ubuntu.com PYTHONPATH=/home/student/ws/build/waypoint_navigation/prefix_override:/usr/lib/python3/dist-packages/colcon_core/task/python/colcon_distutils_commands:/home/student/ws/install/waypoint_navigation/lib/python3.12/site-packages:${PYTHONPATH} /usr/bin/python3 -W ignore:setup.py install is deprecated -W ignore:easy_install command is deprecated setup.py egg_info --egg-base ../../build/waypoint_navigation build --build-base /home/student/ws/build/waypoint_navigation/build install --record /home/student/ws/build/waypoint_navigation/install.log --single-version-externally-managed install_data
