[1.381s] Invoking command in '/home/student/ws/src/waypoint_navigation': DEBUGINFOD_URLS=https://debuginfod.ubuntu.com PYTHONPATH=/home/student/ws/build/waypoint_navigation/prefix_override:/usr/lib/python3/dist-packages/colcon_core/task/python/colcon_distutils_commands:/home/student/ws/install/waypoint_navigation/lib/python3.12/site-packages:${PYTHONPATH} /usr/bin/python3 -W ignore:setup.py install is deprecated -W ignore:easy_install command is deprecated setup.py egg_info --egg-base ../../build/waypoint_navigation build --build-base /home/student/ws/build/waypoint_navigation/build install --record /home/student/ws/build/waypoint_navigation/install.log --single-version-externally-managed install_data
[1.686s] running egg_info
[1.700s] writing ../../build/waypoint_navigation/waypoint_navigation.egg-info/PKG-INFO
[1.700s] writing dependency_links to ../../build/waypoint_navigation/waypoint_navigation.egg-info/dependency_links.txt
[1.700s] writing entry points to ../../build/waypoint_navigation/waypoint_navigation.egg-info/entry_points.txt
[1.700s] writing requirements to ../../build/waypoint_navigation/waypoint_navigation.egg-info/requires.txt
[1.700s] writing top-level names to ../../build/waypoint_navigation/waypoint_navigation.egg-info/top_level.txt
[1.732s] reading manifest file '../../build/waypoint_navigation/waypoint_navigation.egg-info/SOURCES.txt'
[1.734s] writing manifest file '../../build/waypoint_navigation/waypoint_navigation.egg-info/SOURCES.txt'
[1.734s] running build
[1.734s] running build_py
[1.734s] copying waypoint_navigation/nav_to_pose.py -> /home/student/ws/build/waypoint_navigation/build/lib/waypoint_navigation
[1.735s] running install
[1.740s] running install_lib
[1.762s] copying /home/student/ws/build/waypoint_navigation/build/lib/waypoint_navigation/nav_to_pose.py -> /home/student/ws/install/waypoint_navigation/lib/python3.12/site-packages/waypoint_navigation
[1.762s] byte-compiling /home/student/ws/install/waypoint_navigation/lib/python3.12/site-packages/waypoint_navigation/nav_to_pose.py to nav_to_pose.cpython-312.pyc
[1.763s] running install_data
[1.763s] running install_egg_info
[1.787s] removing '/home/student/ws/install/waypoint_navigation/lib/python3.12/site-packages/waypoint_navigation-0.0.0-py3.12.egg-info' (and everything under it)
[1.787s] Copying ../../build/waypoint_navigation/waypoint_navigation.egg-info to /home/student/ws/install/waypoint_navigation/lib/python3.12/site-packages/waypoint_navigation-0.0.0-py3.12.egg-info
[1.788s] running install_scripts
[1.977s] Installing nav_to_pose script to /home/student/ws/install/waypoint_navigation/lib/waypoint_navigation
[1.977s] Installing waypoint_navigation_node script to /home/student/ws/install/waypoint_navigation/lib/waypoint_navigation
[1.978s] writing list of installed files to '/home/student/ws/build/waypoint_navigation/install.log'
[1.999s] Invoked command in '/home/student/ws/src/waypoint_navigation' returned '0': DEBUGINFOD_URLS=https://debuginfod.ubuntu.com PYTHONPATH=/home/student/ws/build/waypoint_navigation/prefix_override:/usr/lib/python3/dist-packages/colcon_core/task/python/colcon_distutils_commands:/home/student/ws/install/waypoint_navigation/lib/python3.12/site-packages:${PYTHONPATH} /usr/bin/python3 -W ignore:setup.py install is deprecated -W ignore:easy_install command is deprecated setup.py egg_info --egg-base ../../build/waypoint_navigation build --build-base /home/student/ws/build/waypoint_navigation/build install --record /home/student/ws/build/waypoint_navigation/install.log --single-version-externally-managed install_data
