[0.344s] Invoking command in '/home/student/ws/src/waypoint_navigation': DEBUGINFOD_URLS=https://debuginfod.ubuntu.com PYTHONPATH=/home/student/ws/build/waypoint_navigation/prefix_override:/usr/lib/python3/dist-packages/colcon_core/task/python/colcon_distutils_commands:/home/student/ws/install/waypoint_navigation/lib/python3.12/site-packages:${PYTHONPATH} /usr/bin/python3 -W ignore:setup.py install is deprecated -W ignore:easy_install command is deprecated setup.py egg_info --egg-base ../../build/waypoint_navigation build --build-base /home/student/ws/build/waypoint_navigation/build install --record /home/student/ws/build/waypoint_navigation/install.log --single-version-externally-managed install_data
[0.457s] running egg_info
[0.464s] writing ../../build/waypoint_navigation/waypoint_navigation.egg-info/PKG-INFO
[0.464s] writing dependency_links to ../../build/waypoint_navigation/waypoint_navigation.egg-info/dependency_links.txt
[0.464s] writing entry points to ../../build/waypoint_navigation/waypoint_navigation.egg-info/entry_points.txt
[0.464s] writing requirements to ../../build/waypoint_navigation/waypoint_navigation.egg-info/requires.txt
[0.464s] writing top-level names to ../../build/waypoint_navigation/waypoint_navigation.egg-info/top_level.txt
[0.481s] reading manifest file '../../build/waypoint_navigation/waypoint_navigation.egg-info/SOURCES.txt'
[0.481s] writing manifest file '../../build/waypoint_navigation/waypoint_navigation.egg-info/SOURCES.txt'
[0.481s] running build
[0.481s] running build_py
[0.481s] copying waypoint_navigation/nav_to_pose.py -> /home/student/ws/build/waypoint_navigation/build/lib/waypoint_navigation
[0.481s] running install
[0.484s] running install_lib
[0.492s] copying /home/student/ws/build/waypoint_navigation/build/lib/waypoint_navigation/nav_to_pose.py -> /home/student/ws/install/waypoint_navigation/lib/python3.12/site-packages/waypoint_navigation
[0.492s] byte-compiling /home/student/ws/install/waypoint_navigation/lib/python3.12/site-packages/waypoint_navigation/nav_to_pose.py to nav_to_pose.cpython-312.pyc
[0.492s] running install_data
[0.492s] running install_egg_info
[0.501s] removing '/home/student/ws/install/waypoint_navigation/lib/python3.12/site-packages/waypoint_navigation-0.0.0-py3.12.egg-info' (and everything under it)
[0.501s] Copying ../../build/waypoint_navigation/waypoint_navigation.egg-info to /home/student/ws/install/waypoint_navigation/lib/python3.12/site-packages/waypoint_navigation-0.0.0-py3.12.egg-info
[0.501s] running install_scripts
[0.556s] Installing nav_to_pose script to /home/student/ws/install/waypoint_navigation/lib/waypoint_navigation
[0.556s] Installing waypoint_navigation_node script to /home/student/ws/install/waypoint_navigation/lib/waypoint_navigation
[0.556s] writing list of installed files to '/home/student/ws/build/waypoint_navigation/install.log'
[0.568s] Invoked command in '/home/student/ws/src/waypoint_navigation' returned '0': DEBUGINFOD_URLS=https://debuginfod.ubuntu.com PYTHONPATH=/home/student/ws/build/waypoint_navigation/prefix_override:/usr/lib/python3/dist-packages/colcon_core/task/python/colcon_distutils_commands:/home/student/ws/install/waypoint_navigation/lib/python3.12/site-packages:${PYTHONPATH} /usr/bin/python3 -W ignore:setup.py install is deprecated -W ignore:easy_install command is deprecated setup.py egg_info --egg-base ../../build/waypoint_navigation build --build-base /home/student/ws/build/waypoint_navigation/build install --record /home/student/ws/build/waypoint_navigation/install.log --single-version-externally-managed install_data
